[2025-11-28 20:12:35,651] WARNING in __init__: Ignored `word-break: break-word ` at 139:13, invalid value.
[2025-11-28 20:12:35,669] WARNING in __init__: Ignored `font-size: clamp(7pt, 1.6vw, 9pt)` at 146:13, invalid value.
[2025-11-28 20:12:35,670] WARNING in __init__: Ignored `font-size: clamp(6pt, 1.4vw, 8pt)` at 151:29, invalid value.
[2025-11-28 20:12:35,755] ERROR in images: Failed to load image at 'http://localhost/assets/images/tutwuri.png': HTTPError: HTTP Error 404: NOT FOUND
[2025-11-28 20:12:35,882] ERROR in student: Traceback (most recent call last):
  File "/home/aspd/cbt/app/controllers/student.py", line 29, in render_pdf
    HTML(string=html_content, base_url=request.host_url).write_pdf(target=pdf_io)
  File "/home/aspd/cbt/cbtenv/lib/python3.9/site-packages/weasyprint/__init__.py", line 268, in write_pdf
    self.render(font_config, counter_style, **options)
  File "/home/aspd/cbt/cbtenv/lib/python3.9/site-packages/weasyprint/__init__.py", line 225, in render
    return Document._render(self, font_config, counter_style, options)
  File "/home/aspd/cbt/cbtenv/lib/python3.9/site-packages/weasyprint/document.py", line 253, in _render
    [Page(page_box) for page_box in page_boxes],
  File "/home/aspd/cbt/cbtenv/lib/python3.9/site-packages/weasyprint/document.py", line 253, in <listcomp>
    [Page(page_box) for page_box in page_boxes],
  File "/home/aspd/cbt/cbtenv/lib/python3.9/site-packages/weasyprint/layout/__init__.py", line 130, in layout_document
    pages = list(make_all_pages(context, root_box, html, pages))
  File "/home/aspd/cbt/cbtenv/lib/python3.9/site-packages/weasyprint/layout/page.py", line 994, in make_all_pages
    page, resume_at = remake_page(i, page_groups, context, root_box, html)
  File "/home/aspd/cbt/cbtenv/lib/python3.9/site-packages/weasyprint/layout/page.py", line 934, in remake_page
    page, resume_at, next_page = make_page(
  File "/home/aspd/cbt/cbtenv/lib/python3.9/site-packages/weasyprint/layout/page.py", line 654, in make_page
    root_box, resume_at, next_page, _, _, _ = block_level_layout(
  File "/home/aspd/cbt/cbtenv/lib/python3.9/site-packages/weasyprint/layout/block.py", line 59, in block_level_layout
    return block_level_layout_switch(
  File "/home/aspd/cbt/cbtenv/lib/python3.9/site-packages/weasyprint/layout/block.py", line 75, in block_level_layout_switch
    return block_box_layout(
  File "/home/aspd/cbt/cbtenv/lib/python3.9/site-packages/weasyprint/layout/block.py", line 124, in block_box_layout
    result = block_container_layout(
  File "/home/aspd/cbt/cbtenv/lib/python3.9/site-packages/weasyprint/layout/block.py", line 752, in block_container_layout
    next_page, new_children, new_max_lines) = _in_flow_layout(
  File "/home/aspd/cbt/cbtenv/lib/python3.9/site-packages/weasyprint/layout/block.py", line 551, in _in_flow_layout
    collapsing_through, max_lines) = block_level_layout(
  File "/home/aspd/cbt/cbtenv/lib/python3.9/site-packages/weasyprint/layout/block.py", line 59, in block_level_layout
    return block_level_layout_switch(
  File "/home/aspd/cbt/cbtenv/lib/python3.9/site-packages/weasyprint/layout/block.py", line 75, in block_level_layout_switch
    return block_box_layout(
  File "/home/aspd/cbt/cbtenv/lib/python3.9/site-packages/weasyprint/layout/block.py", line 124, in block_box_layout
    result = block_container_layout(
  File "/home/aspd/cbt/cbtenv/lib/python3.9/site-packages/weasyprint/layout/block.py", line 752, in block_container_layout
    next_page, new_children, new_max_lines) = _in_flow_layout(
  File "/home/aspd/cbt/cbtenv/lib/python3.9/site-packages/weasyprint/layout/block.py", line 551, in _in_flow_layout
    collapsing_through, max_lines) = block_level_layout(
  File "/home/aspd/cbt/cbtenv/lib/python3.9/site-packages/weasyprint/layout/block.py", line 59, in block_level_layout
    return block_level_layout_switch(
  File "/home/aspd/cbt/cbtenv/lib/python3.9/site-packages/weasyprint/layout/block.py", line 75, in block_level_layout_switch
    return block_box_layout(
  File "/home/aspd/cbt/cbtenv/lib/python3.9/site-packages/weasyprint/layout/block.py", line 124, in block_box_layout
    result = block_container_layout(
  File "/home/aspd/cbt/cbtenv/lib/python3.9/site-packages/weasyprint/layout/block.py", line 727, in block_container_layout
    _out_of_flow_layout(
  File "/home/aspd/cbt/cbtenv/lib/python3.9/site-packages/weasyprint/layout/block.py", line 260, in _out_of_flow_layout
    new_child, out_of_flow_resume_at = float_layout(
  File "/home/aspd/cbt/cbtenv/lib/python3.9/site-packages/weasyprint/layout/float.py", line 62, in float_layout
    box, resume_at, _, _, _, _ = block_container_layout(
  File "/home/aspd/cbt/cbtenv/lib/python3.9/site-packages/weasyprint/layout/block.py", line 752, in block_container_layout
    next_page, new_children, new_max_lines) = _in_flow_layout(
  File "/home/aspd/cbt/cbtenv/lib/python3.9/site-packages/weasyprint/layout/block.py", line 551, in _in_flow_layout
    collapsing_through, max_lines) = block_level_layout(
  File "/home/aspd/cbt/cbtenv/lib/python3.9/site-packages/weasyprint/layout/block.py", line 59, in block_level_layout
    return block_level_layout_switch(
  File "/home/aspd/cbt/cbtenv/lib/python3.9/site-packages/weasyprint/layout/block.py", line 82, in block_level_layout_switch
    result = flex_layout(
  File "/home/aspd/cbt/cbtenv/lib/python3.9/site-packages/weasyprint/layout/flex.py", line 167, in flex_layout
    content_size = min_content_width(context, new_child, outer=False)
  File "/home/aspd/cbt/cbtenv/lib/python3.9/site-packages/weasyprint/layout/preferred.py", line 47, in min_content_width
    return block_min_content_width(context, box, outer)
  File "/home/aspd/cbt/cbtenv/lib/python3.9/site-packages/weasyprint/layout/preferred.py", line 198, in block_min_content_width
    return _block_content_width(
  File "/home/aspd/cbt/cbtenv/lib/python3.9/site-packages/weasyprint/layout/preferred.py", line 97, in _block_content_width
    children_widths = [
  File "/home/aspd/cbt/cbtenv/lib/python3.9/site-packages/weasyprint/layout/preferred.py", line 98, in <listcomp>
    function(context, child, outer=True) for child in box.children
  File "/home/aspd/cbt/cbtenv/lib/python3.9/site-packages/weasyprint/layout/preferred.py", line 47, in min_content_width
    return block_min_content_width(context, box, outer)
  File "/home/aspd/cbt/cbtenv/lib/python3.9/site-packages/weasyprint/layout/preferred.py", line 198, in block_min_content_width
    return _block_content_width(
  File "/home/aspd/cbt/cbtenv/lib/python3.9/site-packages/weasyprint/layout/preferred.py", line 97, in _block_content_width
    children_widths = [
  File "/home/aspd/cbt/cbtenv/lib/python3.9/site-packages/weasyprint/layout/preferred.py", line 98, in <listcomp>
    function(context, child, outer=True) for child in box.children
  File "/home/aspd/cbt/cbtenv/lib/python3.9/site-packages/weasyprint/layout/preferred.py", line 51, in min_content_width
    return inline_min_content_width(context, box, outer, is_line_start=True)
  File "/home/aspd/cbt/cbtenv/lib/python3.9/site-packages/weasyprint/layout/preferred.py", line 219, in inline_min_content_width
    width = next(widths) if first_line else max(widths)
  File "/home/aspd/cbt/cbtenv/lib/python3.9/site-packages/weasyprint/layout/preferred.py", line 323, in inline_line_widths
    _, _, new_resume_index, width, _, _ = split_first_line(
  File "/home/aspd/cbt/cbtenv/lib/python3.9/site-packages/weasyprint/text/line_break.py", line 289, in split_first_line
    layout = create_layout(
  File "/home/aspd/cbt/cbtenv/lib/python3.9/site-packages/weasyprint/text/line_break.py", line 237, in create_layout
    layout = Layout(context, style, justification_spacing, max_width)
  File "/home/aspd/cbt/cbtenv/lib/python3.9/site-packages/weasyprint/text/line_break.py", line 62, in __init__
    self.setup(context, style)
  File "/home/aspd/cbt/cbtenv/lib/python3.9/site-packages/weasyprint/text/line_break.py", line 78, in setup
    pango.pango_context_set_round_glyph_positions(pango_context, False)
  File "/home/aspd/cbt/cbtenv/lib/python3.9/site-packages/cffi/api.py", line 912, in __getattr__
    make_accessor(name)
  File "/home/aspd/cbt/cbtenv/lib/python3.9/site-packages/cffi/api.py", line 908, in make_accessor
    accessors[name](name)
  File "/home/aspd/cbt/cbtenv/lib/python3.9/site-packages/cffi/api.py", line 838, in accessor_function
    value = backendlib.load_function(BType, name)
AttributeError: function/symbol 'pango_context_set_round_glyph_positions' not found in library 'libpango-1.0.so.0': /lib/x86_64-linux-gnu/libpango-1.0.so.0: undefined symbol: pango_context_set_round_glyph_positions

[2025-11-28 20:18:34,167] WARNING in __init__: Ignored `pointer-events: none` at 47:13, unknown property.
[2025-11-28 20:18:34,169] WARNING in __init__: Ignored `word-break: break-word ` at 139:13, unknown property.
[2025-11-28 20:18:34,169] WARNING in __init__: Ignored `overflow-wrap: anywhere` at 140:13, invalid value.
[2025-11-28 20:18:34,169] WARNING in __init__: Ignored `font-size: clamp(7pt, 1.6vw, 9pt)` at 146:13, invalid value.
[2025-11-28 20:18:34,169] WARNING in __init__: Ignored `font-size: clamp(6pt, 1.4vw, 8pt)` at 151:29, invalid value.
[2025-11-28 20:18:34,232] ERROR in images: Failed to load image at "http://localhost/assets/images/tutwuri.png" (HTTPError: HTTP Error 404: NOT FOUND)
[2025-11-29 20:05:03,516] ERROR in sync: Traceback (most recent call last):
  File "/home/aspd/cbt/app/controllers/sync.py", line 529, in upload
    "id": ujian.id,
AttributeError: 'NoneType' object has no attribute 'id'

[2025-12-01 13:41:09,427] WARNING in __init__: Ignored `pointer-events: none` at 47:13, unknown property.
[2025-12-01 13:41:09,439] WARNING in __init__: Ignored `word-break: break-word ` at 139:13, unknown property.
[2025-12-01 13:41:09,439] WARNING in __init__: Ignored `overflow-wrap: anywhere` at 140:13, invalid value.
[2025-12-01 13:41:09,439] WARNING in __init__: Ignored `font-size: clamp(7pt, 1.6vw, 9pt)` at 146:13, invalid value.
[2025-12-01 13:41:09,439] WARNING in __init__: Ignored `font-size: clamp(6pt, 1.4vw, 8pt)` at 151:29, invalid value.
[2025-12-01 13:41:09,637] ERROR in images: Failed to load image at "http://localhost/assets/images/tutwuri.png" (HTTPError: HTTP Error 404: NOT FOUND)
[2025-12-01 15:00:37,802] ERROR in base: Exception during reset or similar
Traceback (most recent call last):
  File "/home/aspd/cbt/cbtenv/lib/python3.9/site-packages/sqlalchemy/pool/base.py", line 739, in _finalize_fairy
    fairy._reset(pool)
  File "/home/aspd/cbt/cbtenv/lib/python3.9/site-packages/sqlalchemy/pool/base.py", line 988, in _reset
    pool._dialect.do_rollback(self)
  File "/home/aspd/cbt/cbtenv/lib/python3.9/site-packages/sqlalchemy/engine/default.py", line 682, in do_rollback
    dbapi_connection.rollback()
MySQLdb._exceptions.OperationalError: (2006, 'MySQL server has gone away')
